// Jest Snapshot v1, https://goo.gl/fbAQLP

exports[`renders controls to input item 1`] = `
<div>
  <form>
    <input
      aria-label="new item input"
      type="text"
      value=""
    />
    <button
      aria-label="submit new item"
      type="submit"
    >
      Add Item
    </button>
  </form>
</div>
`;
