// Jest Snapshot v1, https://goo.gl/fbAQLP

exports[`renders item name and controls 1`] = `
<div>
  <section
    aria-label="list-item"
  >
    <div
      class="itemInfo"
    >
      <h3>
        test
      </h3>
    </div>
    <div
      class="itemControls"
    >
      <div>
        <input
          class="check"
          type="checkbox"
          value="false"
        />
      </div>
      <div>
        <button
          aria-label="open delete form"
          type="button"
        >
          Remove
        </button>
      </div>
      <button
        aria-label="open update form"
      >
        Edit
      </button>
    </div>
  </section>
</div>
`;
