// Jest Snapshot v1, https://goo.gl/fbAQLP

exports[`allows user to add, update, and delete items 1`] = `
<div>
  <section
    class="shop"
  >
    <div
      class="add"
    >
      <section>
        <h3>
          Sign in to create list
        </h3>
        <form>
          <div>
            <input
              aria-label="name-input"
              placeholder="name"
              type="text"
              value=""
            />
            <button
              type="submit"
            >
              Log
            </button>
          </div>
          
        </form>
      </section>
      <form>
        <input
          aria-label="new item input"
          type="text"
          value=""
        />
        <button
          aria-label="submit new item"
          type="submit"
        >
          Add Item
        </button>
      </form>
    </div>
    <div>
      <h2 />
      <ul
        class="shopList"
      >
        <li
          class="listItem"
        >
          <section
            aria-label="list-item"
          >
            <div
              class="itemInfo"
            >
              <h3>
                namebetter-name
              </h3>
            </div>
            <div
              class="itemControls"
            >
              <div>
                <input
                  type="checkbox"
                  value="false"
                />
              </div>
              <div>
                <button
                  aria-label="open delete form"
                  type="button"
                >
                  Remove
                </button>
              </div>
              <button
                aria-label="open update form"
              >
                Edit
              </button>
            </div>
          </section>
        </li>
      </ul>
    </div>
  </section>
</div>
`;
